[html.themewant.com/ekomart/index.html]
[backblue.gif]
[fade.gif]
[index.html]
[html.themewant.com/ekomart/assets/images/fav.png]
[html.themewant.com/ekomart/assets/css/plugins.css]
[html.themewant.com/ekomart/assets/css/style.css]
[html.themewant.com/ekomart/about.html]
[html.themewant.com/ekomart/account.html]
[html.themewant.com/ekomart/wishlist.html]
[html.themewant.com/ekomart/trackorder.html]
[html.themewant.com/ekomart/index-2.html]
[html.themewant.com/ekomart/assets/images/logo/logo-01.svg]
[html.themewant.com/ekomart/assets/images/icons/01.svg]
[html.themewant.com/ekomart/assets/images/icons/02.svg]
[html.themewant.com/ekomart/assets/images/icons/03.svg]
[html.themewant.com/ekomart/assets/images/icons/04.svg]
[html.themewant.com/ekomart/assets/images/icons/05.svg]
[html.themewant.com/ekomart/assets/images/icons/06.svg]
[html.themewant.com/ekomart/assets/images/icons/07.svg]
[html.themewant.com/ekomart/assets/images/icons/08.svg]
[html.themewant.com/ekomart/assets/images/icons/09.svg]
[html.themewant.com/ekomart/assets/images/icons/10.svg]
[html.themewant.com/ekomart/assets/images/shop/cart-1.png]
[html.themewant.com/ekomart/shop-details.html]
[html.themewant.com/ekomart/assets/images/shop/05.png]
[html.themewant.com/ekomart/assets/images/shop/04.png]
[html.themewant.com/ekomart/cart.html]
[html.themewant.com/ekomart/checkout.html]
[html.themewant.com/ekomart/index-two.html]
[html.themewant.com/ekomart/index-three.html]
[html.themewant.com/ekomart/index-four.html]
[html.themewant.com/ekomart/index-five.html]
[html.themewant.com/ekomart/shop-grid-sidebar.html]
[html.themewant.com/ekomart/shop-list-sidebar.html]
[html.themewant.com/ekomart/shop-grid-top-filter.html]
[html.themewant.com/ekomart/shop-list-top-filter.html]
[html.themewant.com/ekomart/shop-details-2.html]
[html.themewant.com/ekomart/shop-details-right-sidebar.html]
[html.themewant.com/ekomart/shop-details-4.html]
[html.themewant.com/ekomart/shop-details-variable.html]
[html.themewant.com/ekomart/shop-details-affiliats.html]
[html.themewant.com/ekomart/shop-details-group.html]
[html.themewant.com/ekomart/shop-compare.html]
[html.themewant.com/ekomart/assets/images/feature/05.jpg]
[html.themewant.com/ekomart/vendor-list.html]
[html.themewant.com/ekomart/vendor-grid.html]
[html.themewant.com/ekomart/vendor-details.html]
[html.themewant.com/ekomart/store.html]
[html.themewant.com/ekomart/faq.html]
[html.themewant.com/ekomart/invoice.html]
[html.themewant.com/ekomart/contact.html]
[html.themewant.com/ekomart/register.html]
[html.themewant.com/ekomart/login.html]
[html.themewant.com/ekomart/privacy-policy.html]
[html.themewant.com/ekomart/cookies-policy.html]
[html.themewant.com/ekomart/terms-condition.html]
[html.themewant.com/ekomart/404.html]
[html.themewant.com/ekomart/blog.html]
[html.themewant.com/ekomart/blog-list-left-sidebar.html]
[html.themewant.com/ekomart/blog-list-right-sidebar.html]
[html.themewant.com/ekomart/blog-details.html]
[html.themewant.com/ekomart/assets/images/category/01.png]
[html.themewant.com/ekomart/assets/images/category/02.png]
[html.themewant.com/ekomart/assets/images/category/03.png]
[html.themewant.com/ekomart/assets/images/category/04.png]
[html.themewant.com/ekomart/assets/images/category/05.png]
[html.themewant.com/ekomart/assets/images/category/06.png]
[html.themewant.com/ekomart/assets/images/category/07.png]
[html.themewant.com/ekomart/assets/images/category/08.png]
[html.themewant.com/ekomart/assets/images/category/09.png]
[html.themewant.com/ekomart/assets/images/category/10.png]
[html.themewant.com/ekomart/assets/images/grocery/01.jpg]
[html.themewant.com/ekomart/assets/images/grocery/02.jpg]
[html.themewant.com/ekomart/assets/images/grocery/03.jpg]
[html.themewant.com/ekomart/assets/images/grocery/04.jpg]
[html.themewant.com/ekomart/assets/images/grocery/05.jpg]
[html.themewant.com/ekomart/assets/images/grocery/06.jpg]
[html.themewant.com/ekomart/assets/images/grocery/15.jpg]
[html.themewant.com/ekomart/assets/images/grocery/16.jpg]
[html.themewant.com/ekomart/assets/images/grocery/17.jpg]
[html.themewant.com/ekomart/assets/images/grocery/18.jpg]
[html.themewant.com/ekomart/assets/images/grocery/19.jpg]
[html.themewant.com/ekomart/assets/images/grocery/20.jpg]
[html.themewant.com/ekomart/assets/images/grocery/21.jpg]
[html.themewant.com/ekomart/assets/images/grocery/22.jpg]
[html.themewant.com/ekomart/index.html]
[html.themewant.com/ekomart/assets/css/plugins.css]
[html.themewant.com/ekomart/assets/images/bg/bg-image-1.jpg]
[html.themewant.com/ekomart/assets/images/bg/bg-image-2.jpg]
[html.themewant.com/ekomart/assets/images/bg/bg-image-3.jpg]
[html.themewant.com/ekomart/assets/images/bg/bg-image-4.jpg]
[html.themewant.com/ekomart/assets/images/bg/bg-image-5.jpg]
[html.themewant.com/ekomart/assets/images/bg/bg-image-6.jpg]
[html.themewant.com/ekomart/assets/images/bg/bg-image-7.jpg]
[html.themewant.com/ekomart/assets/images/bg/bg-image-8.jpg]
[html.themewant.com/ekomart/assets/images/bg/bg-image-9.jpg]
[html.themewant.com/ekomart/assets/images/bg/bg-image-10.jpg]
[html.themewant.com/ekomart/assets/images/bg/bg-image-11.jpg]
[html.themewant.com/ekomart/assets/images/bg/bg-image-12.jpg]
[html.themewant.com/ekomart/assets/images/bg/bg-image-13.jpg]
[html.themewant.com/ekomart/assets/images/bg/bg-image-14.jpg]
[html.themewant.com/ekomart/assets/images/bg/bg-image-15.jpg]
[html.themewant.com/ekomart/assets/images/bg/bg-image-16.89.delayed]
[html.themewant.com/ekomart/assets/images/bg/bg-image-17.jpg]
[html.themewant.com/ekomart/assets/images/bg/bg-image-18.jpg]
[html.themewant.com/ekomart/assets/images/bg/bg-image-19.jpg]
[html.themewant.com/ekomart/assets/images/bg/bg-image-20.jpg]
[html.themewant.com/ekomart/assets/images/bg/bg-image-21.jpg]
[html.themewant.com/ekomart/assets/images/bg/bg-image-22.jpg]
[html.themewant.com/ekomart/assets/images/bg/bg-image-23.jpg]
[html.themewant.com/ekomart/assets/images/bg/bg-image-24.jpg]
[html.themewant.com/ekomart/assets/images/bg/bg-image-25.jpg]
[html.themewant.com/ekomart/assets/images/bg/bg-image-26.jpg]
[html.themewant.com/ekomart/assets/images/bg/bg-image-27.jpg]
[html.themewant.com/ekomart/assets/images/bg/bg-image-28.jpg]
[html.themewant.com/ekomart/assets/images/bg/bg-image-29.jpg]
[html.themewant.com/ekomart/assets/images/bg/bg-image-30.jpg]
[html.themewant.com/ekomart/assets/images/bg/bg-image-31.jpg]
[html.themewant.com/ekomart/assets/images/bg/bg-image-32.jpg]
[html.themewant.com/ekomart/assets/images/bg/bg-image-33.jpg]
[html.themewant.com/ekomart/assets/images/bg/bg-image-34.jpg]
[html.themewant.com/ekomart/assets/images/bg/bg-image-35.jpg]
[html.themewant.com/ekomart/assets/images/bg/bg-image-36.jpg]
[html.themewant.com/ekomart/assets/images/bg/bg-image-37.jpg]
[html.themewant.com/ekomart/assets/images/bg/bg-image-38.jpg]
[html.themewant.com/ekomart/assets/images/bg/bg-image-39.jpg]
[html.themewant.com/ekomart/assets/images/bg/bg-image-40.jpg]
[html.themewant.com/ekomart/assets/images/banner/shape/close.png]
[html.themewant.com/ekomart/assets/images/banner/01.webp]
[html.themewant.com/ekomart/assets/images/banner/08.webp]
[html.themewant.com/ekomart/assets/images/category/01.jpg]
[html.themewant.com/ekomart/assets/images/category/02.jpg]
[html.themewant.com/ekomart/assets/images/category/03.jpg]
[html.themewant.com/ekomart/assets/images/category/04.jpg]
[html.themewant.com/ekomart/assets/images/discount-product/01.jpg]
[html.themewant.com/ekomart/assets/images/discount-product/02.jpg]
[html.themewant.com/ekomart/assets/images/banner/shape/zoom.png]
[html.themewant.com/ekomart/assets/css/style.css]
[html.themewant.com/ekomart/about.html]
[html.themewant.com/ekomart/account.html]
[html.themewant.com/ekomart/wishlist.html]
[html.themewant.com/ekomart/trackorder.html]
[html.themewant.com/ekomart/index-2.html]
[html.themewant.com/ekomart/assets/images/logo/logo-01.svg]
[html.themewant.com/ekomart/assets/images/icons/bar-1.svg]
[html.themewant.com/ekomart/assets/images/icons/01.svg]
[html.themewant.com/ekomart/assets/images/icons/02.svg]
[html.themewant.com/ekomart/assets/images/icons/03.svg]
[html.themewant.com/ekomart/assets/images/icons/04.svg]
[html.themewant.com/ekomart/assets/images/icons/05.svg]
[html.themewant.com/ekomart/assets/images/icons/06.svg]
[html.themewant.com/ekomart/assets/images/icons/07.svg]
[html.themewant.com/ekomart/assets/images/icons/08.svg]
[html.themewant.com/ekomart/assets/images/icons/09.svg]
[html.themewant.com/ekomart/assets/images/icons/10.svg]
[html.themewant.com/ekomart/shop-details.html]
[html.themewant.com/ekomart/cart.html]
[html.themewant.com/ekomart/checkout.html]
[html.themewant.com/ekomart/index-two.html]
[html.themewant.com/ekomart/index-three.html]
[html.themewant.com/ekomart/index-four.html]
[html.themewant.com/ekomart/index-five.html]
[html.themewant.com/ekomart/shop-grid-sidebar.html]
[html.themewant.com/ekomart/shop-list-sidebar.html]
[html.themewant.com/ekomart/shop-grid-top-filter.html]
[html.themewant.com/ekomart/shop-list-top-filter.html]
[html.themewant.com/ekomart/shop-details-2.html]
[html.themewant.com/ekomart/shop-details-right-sidebar.html]
[html.themewant.com/ekomart/shop-details-4.html]
[html.themewant.com/ekomart/shop-details-variable.html]
[html.themewant.com/ekomart/shop-details-affiliats.html]
[html.themewant.com/ekomart/shop-details-group.html]
[html.themewant.com/ekomart/shop-compare.html]
[html.themewant.com/ekomart/vendor-list.html]
[html.themewant.com/ekomart/vendor-grid.html]
[html.themewant.com/ekomart/vendor-details.html]
[html.themewant.com/ekomart/store.html]
[html.themewant.com/ekomart/faq.html]
[html.themewant.com/ekomart/invoice.html]
[html.themewant.com/ekomart/contact.html]
[html.themewant.com/ekomart/register.html]
[html.themewant.com/ekomart/login.html]
[html.themewant.com/ekomart/privacy-policy.html]
[html.themewant.com/ekomart/cookies-policy.html]
[html.themewant.com/ekomart/terms-condition.html]
[html.themewant.com/ekomart/404.html]
[html.themewant.com/ekomart/blog.html]
[html.themewant.com/ekomart/blog-list-left-sidebar.html]
[html.themewant.com/ekomart/blog-list-right-sidebar.html]
[html.themewant.com/ekomart/blog-details.html]
[html.themewant.com/ekomart/assets/images/grocery/23.html]
[html.themewant.com/ekomart/assets/images/grocery/24.html]
[html.themewant.com/ekomart/assets/images/grocery/25.html]
[html.themewant.com/ekomart/assets/images/grocery/26.html]
[html.themewant.com/ekomart/assets/images/grocery/07.html]
[html.themewant.com/ekomart/assets/images/grocery/08.html]
[html.themewant.com/ekomart/assets/images/grocery/09.html]
[html.themewant.com/ekomart/assets/images/grocery/10.html]
[html.themewant.com/ekomart/assets/images/grocery/11.html]
[html.themewant.com/ekomart/assets/images/grocery/12.html]
[html.themewant.com/ekomart/assets/images/grocery/13.html]
[html.themewant.com/ekomart/assets/images/grocery/14.html]
[html.themewant.com/ekomart/assets/images/blog/01.html]
[html.themewant.com/ekomart/assets/images/blog/02.html]
[html.themewant.com/ekomart/assets/images/blog/03.html]
[html.themewant.com/ekomart/assets/images/blog/04.html]
[html.themewant.com/ekomart/assets/images/payment/01.html]
[html.themewant.com/ekomart/assets/images/payment/02.html]
[html.themewant.com/ekomart/assets/images/payment/03.html]
[html.themewant.com/ekomart/assets/images/products/product-details.html]
[html.themewant.com/ekomart/assets/images/products/product-filt2.html]
[html.themewant.com/ekomart/assets/images/products/product-filt3.html]
[html.themewant.com/ekomart/assets/images/products/product-filt1.html]
[html.themewant.com/ekomart/assets/js/plugins.html]
[html.themewant.com/ekomart/assets/js/main.html]
[html.themewant.com/ekomart/assets/fonts/fa-brands-400.html]
[html.themewant.com/ekomart/assets/fonts/fa-brands-401.html]
[html.themewant.com/ekomart/assets/fonts/fa-duotone-900.html]
[html.themewant.com/ekomart/assets/fonts/fa-duotone-901.html]
[html.themewant.com/ekomart/assets/fonts/fa-light-300.html]
[html.themewant.com/ekomart/assets/fonts/fa-light-301.html]
[html.themewant.com/ekomart/assets/fonts/fa-regular-400.html]
[html.themewant.com/ekomart/assets/fonts/fa-regular-401.html]
[html.themewant.com/ekomart/assets/fonts/fa-solid-900.html]
[html.themewant.com/ekomart/assets/fonts/fa-solid-901.html]
[html.themewant.com/ekomart/assets/fonts/fa-thin-100.html]
[html.themewant.com/ekomart/assets/fonts/fa-thin-101.html]
[html.themewant.com/ekomart/assets/fonts/fa-v4compatibility.html]
[html.themewant.com/ekomart/assets/fonts/fa-v4compatibility-2.html]
[html.themewant.com/ekomart/assets/images/bg/bg-image-1.html]
[html.themewant.com/ekomart/assets/images/bg/bg-image-2.html]
[html.themewant.com/ekomart/assets/images/bg/bg-image-3.html]
[html.themewant.com/ekomart/assets/images/bg/bg-image-4.html]
[html.themewant.com/ekomart/assets/images/bg/bg-image-5.html]
[html.themewant.com/ekomart/assets/images/bg/bg-image-6.html]
[html.themewant.com/ekomart/assets/images/bg/bg-image-7.html]
[html.themewant.com/ekomart/assets/images/bg/bg-image-8.html]
[html.themewant.com/ekomart/assets/images/bg/bg-image-9.html]
[html.themewant.com/ekomart/assets/images/bg/bg-image-10.html]
[html.themewant.com/ekomart/assets/images/bg/bg-image-11.html]
[html.themewant.com/ekomart/assets/images/bg/bg-image-12.html]
[html.themewant.com/ekomart/assets/images/bg/bg-image-13.html]
[html.themewant.com/ekomart/assets/images/bg/bg-image-14.html]
[html.themewant.com/ekomart/assets/images/bg/bg-image-15.html]
[html.themewant.com/ekomart/assets/images/bg/bg-image-16.html]
[html.themewant.com/ekomart/assets/images/bg/bg-image-17.html]
[html.themewant.com/ekomart/assets/images/bg/bg-image-18.html]
[html.themewant.com/ekomart/assets/images/bg/bg-image-19.html]
[html.themewant.com/ekomart/assets/images/bg/bg-image-20.html]
[html.themewant.com/ekomart/assets/images/bg/bg-image-21.html]
[html.themewant.com/ekomart/assets/images/bg/bg-image-22.html]
[html.themewant.com/ekomart/assets/images/bg/bg-image-23.html]
[html.themewant.com/ekomart/assets/images/bg/bg-image-24.html]
[html.themewant.com/ekomart/assets/images/bg/bg-image-25.html]
[html.themewant.com/ekomart/assets/images/bg/bg-image-26.html]
[html.themewant.com/ekomart/assets/images/bg/bg-image-27.html]
[html.themewant.com/ekomart/assets/images/bg/bg-image-28.html]
[html.themewant.com/ekomart/assets/images/bg/bg-image-29.html]
[html.themewant.com/ekomart/assets/images/bg/bg-image-30.html]
[html.themewant.com/ekomart/assets/images/bg/bg-image-31.html]
[html.themewant.com/ekomart/assets/images/bg/bg-image-32.html]
[html.themewant.com/ekomart/assets/images/bg/bg-image-33.html]
[html.themewant.com/ekomart/assets/images/bg/bg-image-34.html]
[html.themewant.com/ekomart/assets/images/bg/bg-image-35.html]
[html.themewant.com/ekomart/assets/images/bg/bg-image-36.html]
[html.themewant.com/ekomart/assets/images/bg/bg-image-37.html]
[html.themewant.com/ekomart/assets/images/bg/bg-image-38.html]
[html.themewant.com/ekomart/assets/images/bg/bg-image-39.html]
[html.themewant.com/ekomart/assets/images/bg/bg-image-40.html]
[html.themewant.com/ekomart/assets/images/about/01.html]
[html.themewant.com/ekomart/assets/images/banner/02.html]
[html.themewant.com/ekomart/assets/images/banner/03.html]
[html.themewant.com/ekomart/assets/images/banner/09.html]
[html.themewant.com/ekomart/assets/images/banner/04.html]
[html.themewant.com/ekomart/assets/images/banner/05.html]
[html.themewant.com/ekomart/assets/images/banner/06.html]
[html.themewant.com/ekomart/assets/images/banner/07.html]
[html.themewant.com/ekomart/assets/images/category/05.html]
[html.themewant.com/ekomart/assets/images/category/06.html]
[html.themewant.com/ekomart/assets/images/category/07.html]
[html.themewant.com/ekomart/assets/images/blog/thumb/12.html]
[html.themewant.com/ekomart/assets/images/feature/01.html]
[html.themewant.com/ekomart/assets/images/feature/02.html]
[html.themewant.com/ekomart/assets/images/feature/03.html]
[html.themewant.com/ekomart/assets/images/contact/01.html]
[html.themewant.com/ekomart/assets/images/vendor/01.html]
[html.themewant.com/ekomart/assets/images/vendor/02.html]
[html.themewant.com/ekomart/assets/images/invoice/01.html]
[html.themewant.com/ekomart/assets/images/popover/01.html]
[html.themewant.com/ekomart/assets/images/about/02.html]
[html.themewant.com/ekomart/assets/images/team/01.html]
[html.themewant.com/ekomart/assets/images/team/02.html]
[html.themewant.com/ekomart/assets/images/team/03.html]
[html.themewant.com/ekomart/assets/images/team/04.html]
[html.themewant.com/ekomart/assets/images/service/01.html]
[html.themewant.com/ekomart/assets/images/service/02.html]
[html.themewant.com/ekomart/assets/images/service/03.html]
[html.themewant.com/ekomart/assets/images/testimonial/01.html]
[html.themewant.com/ekomart/assets/images/testimonial/02.html]
[html.themewant.com/ekomart/assets/images/shop/01.html]
[html.themewant.com/ekomart/assets/images/shop/02.html]
[html.themewant.com/ekomart/assets/images/shop/06.html]
[html.themewant.com/ekomart/assets/images/shop/01-2.html]
[html.themewant.com/ekomart/assets/images/shop/02-2.html]
[html.themewant.com/ekomart/assets/images/shop/03.html]
[html.themewant.com/ekomart/assets/images/shop/04.html]
[html.themewant.com/ekomart/assets/images/shop/05.html]
[html.themewant.com/ekomart/assets/images/shop/06-2.html]
[html.themewant.com/ekomart/assets/images/shop/01-3.html]
[html.themewant.com/ekomart/assets/images/shop/02-3.html]
[html.themewant.com/ekomart/assets/images/shop/03-2.html]
[html.themewant.com/ekomart/assets/images/shop/03-3.html]
[html.themewant.com/ekomart/assets/images/logo/logo-02.html]
[html.themewant.com/ekomart/assets/images/feature/01-2.html]
[html.themewant.com/ekomart/assets/images/feature/02-2.html]
[html.themewant.com/ekomart/assets/images/best-seller/01.html]
[html.themewant.com/ekomart/assets/images/best-seller/02.html]
[html.themewant.com/ekomart/assets/images/best-seller/03.html]
[html.themewant.com/ekomart/assets/images/best-seller/04.html]
[html.themewant.com/ekomart/assets/images/best-seller/05.html]
[html.themewant.com/ekomart/assets/images/best-seller/06.html]
[html.themewant.com/ekomart/assets/images/offer/01.html]
[html.themewant.com/ekomart/assets/images/icons/11.html]
[html.themewant.com/ekomart/assets/images/icons/12.html]
[html.themewant.com/ekomart/assets/images/icons/13.html]
[html.themewant.com/ekomart/assets/images/payment/04.html]
[html.themewant.com/ekomart/assets/images/banner/transparent/01.html]
[html.themewant.com/ekomart/assets/images/grocery/27.html]
[html.themewant.com/ekomart/assets/images/grocery/28.html]
[html.themewant.com/ekomart/assets/images/add/01.html]
[html.themewant.com/ekomart/assets/images/icons/14.html]
[html.themewant.com/ekomart/assets/images/feature/04.html]
[html.themewant.com/ekomart/assets/images/blog/05.html]
[html.themewant.com/ekomart/assets/images/blog/06.html]
[html.themewant.com/ekomart/assets/images/blog/07.html]
[html.themewant.com/ekomart/assets/images/blog/08.html]
[html.themewant.com/ekomart/assets/images/payment/06.html]
[html.themewant.com/ekomart/assets/images/vendor/01-2.html]
[html.themewant.com/ekomart/assets/images/vendor/02-2.html]
[html.themewant.com/ekomart/assets/images/vendor/03.html]
[html.themewant.com/ekomart/assets/images/vendor/04.html]
[html.themewant.com/ekomart/assets/images/vendor/05.html]
[html.themewant.com/ekomart/assets/images/vendor/06.html]
[html.themewant.com/ekomart/assets/images/vendor/07.html]
[html.themewant.com/ekomart/assets/images/vendor/08.html]
[html.themewant.com/ekomart/assets/images/vendor/09.html]
[html.themewant.com/ekomart/assets/images/vendor/01-3.html]
[html.themewant.com/ekomart/assets/images/vendor/02-3.html]
[html.themewant.com/ekomart/assets/images/store/01.html]
[html.themewant.com/ekomart/assets/images/store/02.html]
[html.themewant.com/ekomart/assets/images/store/03.html]
[html.themewant.com/ekomart/assets/images/logo/fav.html]
[html.themewant.com/ekomart/assets/images/invoice/invoice.html]
[html.themewant.com/ekomart/assets/images/contact/02.html]
[html.themewant.com/ekomart/assets/images/form/google.html]
[html.themewant.com/ekomart/assets/images/form/facebook.html]
[html.themewant.com/ekomart/assets/images/contact/01-2.html]
[html.themewant.com/ekomart/assets/images/blog/11.html]
[html.themewant.com/ekomart/assets/images/blog/10.html]
[html.themewant.com/ekomart/assets/images/blog/12.html]
[html.themewant.com/ekomart/assets/images/blog/13.html]
[html.themewant.com/ekomart/assets/images/blog/17.html]
[html.themewant.com/ekomart/assets/images/blog/18.html]
[html.themewant.com/ekomart/assets/images/blog/19.html]
[html.themewant.com/ekomart/assets/images/blog/20.html]
[html.themewant.com/ekomart/assets/images/blog/21.html]
[html.themewant.com/ekomart/assets/images/blog/thumb/01.html]
[html.themewant.com/ekomart/assets/images/blog/thumb/02.html]
[html.themewant.com/ekomart/assets/images/blog/thumb/03.html]
[html.themewant.com/ekomart/assets/images/blog/thumb/04.html]
[html.themewant.com/ekomart/assets/images/blog/thumb/05.html]
[html.themewant.com/ekomart/assets/images/blog/thumb/06.html]
[html.themewant.com/ekomart/assets/images/blog/thumb/07.html]
[html.themewant.com/ekomart/assets/images/blog/thumb/08.html]
[html.themewant.com/ekomart/assets/images/blog/thumb/09.html]
[html.themewant.com/ekomart/assets/images/blog/thumb/10.html]
[html.themewant.com/ekomart/assets/images/blog/thumb/11.html]
[html.themewant.com/ekomart/assets/images/blog/22.html]
[html.themewant.com/ekomart/assets/images/blog/23.html]
[html.themewant.com/ekomart/assets/images/blog/01-2.html]
[html.themewant.com/ekomart/assets/images/blog/02-2.html]
[html.themewant.com/ekomart/assets/images/blog/03-2.html]
